Obs-build benchmark — gen3ou — searching for a turn>=25 decision (≤200 battles, reps=400, top=22, seed=0)

==============================================================================
PER-DECISION OBS BUILD BENCHMARK  (obs dim 2501, turn 25, opp mons w/ revealed moves 5/6)
==============================================================================
  full per-decision obs build  :   0.310 ms   [COLD: view memo dropped each rep — the production mix, and the comparable series]
    state_encoder.encode       :   0.308 ms  (  99%)
    [live_view() alone         :   0.064 ms  (  21%)]
  encode with the view memo WARM:   0.227 ms  (  73%)  [what encode costs when record/mask already built the view]
  INCREMENTAL encode (assembler), view memo COLD:
    cache invalidated each rep :   0.307 ms  (  99%)  [a full rebuild THROUGH the assembler — the episode's first decision]
    cache WARM                 :   0.165 ms  (  53%)  [speedup vs COLD full: 1.88x]
    cache WARM + view memo WARM:   0.089 ms  (  29%)  [THE PRODUCTION SHAPE — record() already built the view; vs 0.227 ms before: 2.54x]
    ⚠️ the warm series re-encodes ONE decision, so its dirty set is the same every
       rep — an OPTIMISTIC bound. trainer_turn_benchmark walks real consecutive
       decisions and is the honest end-to-end number.

  NOTE: absolute ms scale with machine load; the component ratios and the
        cProfile ranking below are the load-stable signal.
  NOTE: the reps loop re-encodes ONE decision, so a memo would be 100% warm from
        rep 2 — every series above except the last drops it first. Judge
        calls/encode from the COLD cProfile block below.

  [COLD full rebuild] Top 22 by tottime — the series comparable to history:
         1583201 function calls in 0.413 seconds

   Ordered by: internal time
   List reduced from 157 to 22 due to restriction <22>

   ncalls  tottime  percall  cumtime  percall filename:lineno(function)
    12800    0.036    0.000    0.053    0.000 /home/goodlad/dev/gen3ai-wt/pe-reading-fixes/src/agents/observation/assembler.py:79(write_event_row)
     4800    0.035    0.000    0.078    0.000 /home/goodlad/dev/gen3ai-wt/pe-reading-fixes/src/agents/observation/moves.py:72(encode)
     4800    0.034    0.000    0.092    0.000 /home/goodlad/dev/gen3ai-wt/pe-reading-fixes/src/agents/battle/live_view.py:174(from_pokemon)
     4800    0.027    0.000    0.165    0.000 /home/goodlad/dev/gen3ai-wt/pe-reading-fixes/src/agents/observation/pokemon.py:87(encode)
      400    0.023    0.000    0.422    0.001 /home/goodlad/dev/gen3ai-wt/pe-reading-fixes/src/agents/observation/state_encoder.py:157(encode)
   313200    0.018    0.000    0.021    0.000 {method 'get' of 'dict' objects}
    14400    0.016    0.000    0.023    0.000 /home/goodlad/dev/gen3ai-wt/pe-reading-fixes/src/agents/training/episode_tracker.py:310(pair_values)
     4800    0.011    0.000    0.021    0.000 /home/goodlad/dev/gen3ai-wt/pe-reading-fixes/src/agents/observation/types.py:27(encode)
     4800    0.008    0.000    0.013    0.000 /home/goodlad/dev/gen3ai-wt/pe-reading-fixes/src/agents/battle/live_view.py:196(<listcomp>)
     4800    0.008    0.000    0.011    0.000 /home/goodlad/dev/gen3ai-wt/pe-reading-fixes/src/agents/observation/species.py:25(encode)
     4800    0.007    0.000    0.011    0.000 /home/goodlad/dev/gen3ai-wt/pe-reading-fixes/src/agents/training/episode_tracker.py:122(values)
     4800    0.007    0.000    0.011    0.000 /home/goodlad/dev/gen3ai-wt/pe-reading-fixes/src/agents/observation/items.py:25(encode)
    40000    0.006    0.000    0.009    0.000 /home/goodlad/miniconda3/envs/gen3ai_stable/lib/python3.11/enum.py:193(__get__)
    21200    0.006    0.000    0.009    0.000 /home/goodlad/dev/gen3ai-wt/pe-reading-fixes/src/agents/gen3_data/moves.py:161(get)
     4800    0.006    0.000    0.013    0.000 /home/goodlad/dev/gen3ai-wt/pe-reading-fixes/src/agents/observation/abilities.py:67(encode)
      400    0.006    0.000    0.008    0.000 /home/goodlad/dev/gen3ai-wt/pe-reading-fixes/src/agents/observation/wish_belief.py:42(build_wish_pending)
    34800    0.005    0.000    0.005    0.000 {built-in method numpy.zeros}
   110400    0.005    0.000    0.005    0.000 {built-in method builtins.len}
    21600    0.005    0.000    0.007    0.000 /home/goodlad/dev/gen3ai-wt/pe-reading-fixes/src/agents/gen3_data/species.py:61(get)
    15200    0.005    0.000    0.013    0.000 /home/goodlad/dev/gen3ai-wt/pe-reading-fixes/src/poke_env/battle/move.py:1035(moves)
   100800    0.005    0.000    0.005    0.000 {method 'append' of 'list' objects}
    17600    0.005    0.000    0.006    0.000 /home/goodlad/dev/gen3ai-wt/pe-reading-fixes/src/poke_env/battle/pokemon.py:1478(type_2)



  [WARM incremental] Top 22 by tottime — WHAT PRODUCTION RUNS:
         508801 function calls in 0.123 seconds

   Ordered by: internal time
   List reduced from 136 to 22 due to restriction <22>

   ncalls  tottime  percall  cumtime  percall filename:lineno(function)
      400    0.017    0.000    0.123    0.000 /home/goodlad/dev/gen3ai-wt/pe-reading-fixes/src/agents/observation/state_encoder.py:157(encode)
    14400    0.016    0.000    0.022    0.000 /home/goodlad/dev/gen3ai-wt/pe-reading-fixes/src/agents/training/episode_tracker.py:310(pair_values)
   138800    0.007    0.000    0.007    0.000 {method 'get' of 'dict' objects}
      800    0.007    0.000    0.014    0.000 /home/goodlad/dev/gen3ai-wt/pe-reading-fixes/src/agents/observation/moves.py:72(encode)
     4800    0.006    0.000    0.009    0.000 /home/goodlad/dev/gen3ai-wt/pe-reading-fixes/src/agents/training/episode_tracker.py:122(values)
      800    0.005    0.000    0.030    0.000 /home/goodlad/dev/gen3ai-wt/pe-reading-fixes/src/agents/observation/pokemon.py:87(encode)
      400    0.004    0.000    0.008    0.000 /home/goodlad/dev/gen3ai-wt/pe-reading-fixes/src/agents/observation/reactive.py:99(encode)
    89200    0.004    0.000    0.004    0.000 {method 'append' of 'list' objects}
      800    0.003    0.000    0.005    0.000 /home/goodlad/dev/gen3ai-wt/pe-reading-fixes/src/agents/observation/assembler.py:79(write_event_row)
      800    0.003    0.000    0.004    0.000 /home/goodlad/dev/gen3ai-wt/pe-reading-fixes/src/agents/observation/active_context.py:36(encode)
      400    0.002    0.000    0.009    0.000 /home/goodlad/dev/gen3ai-wt/pe-reading-fixes/src/agents/battle/live_view.py:512(from_battle)
    25600    0.002    0.000    0.002    0.000 {built-in method builtins.max}
      400    0.002    0.000    0.003    0.000 /home/goodlad/dev/gen3ai-wt/pe-reading-fixes/src/agents/observation/global_env.py:47(encode)
      800    0.002    0.000    0.004    0.000 /home/goodlad/dev/gen3ai-wt/pe-reading-fixes/src/agents/observation/types.py:27(encode)
    10800    0.002    0.000    0.002    0.000 /home/goodlad/miniconda3/envs/gen3ai_stable/lib/python3.11/enum.py:193(__get__)
      400    0.002    0.000    0.003    0.000 /home/goodlad/dev/gen3ai-wt/pe-reading-fixes/src/agents/observation/assembler.py:215(prepare)
     2000    0.002    0.000    0.003    0.000 /home/goodlad/dev/gen3ai-wt/pe-reading-fixes/src/agents/battle/live_view.py:523(<genexpr>)
     5200    0.002    0.000    0.002    0.000 /home/goodlad/dev/gen3ai-wt/pe-reading-fixes/src/agents/gen3_data/moves.py:161(get)
      800    0.001    0.000    0.002    0.000 /home/goodlad/dev/gen3ai-wt/pe-reading-fixes/src/agents/observation/species.py:25(encode)
      400    0.001    0.000    0.007    0.000 /home/goodlad/dev/gen3ai-wt/pe-reading-fixes/src/agents/observation/assembler.py:422(update_window)
     8800    0.001    0.000    0.001    0.000 {built-in method numpy.zeros}
      800    0.001    0.000    0.002    0.000 /home/goodlad/dev/gen3ai-wt/pe-reading-fixes/src/agents/observation/items.py:25(encode)



