pool teams parsed 719 of 719
decisions 11504
prior per-slot NLL (all r<6): 2.901  banked prior pool 2.88 (k>=1: 2.865 )
per-r lam {1: 1.0, 2: 1.0, 3: 0.252, 4: 0.066, 5: 0.0, 0: 1.0}
memorising proxy lam=0.528: NLL r1..5 2.712; per-r [3.03, 2.79, 2.7, 2.61, 2.44] head per-k 2.24/2.51/2.70/2.61/2.54; prior per-r [3.24, 3.07, 2.89, 2.69, 2.44] banked 3.25/3.19/2.91/2.65/2.38
proxy mean top-1 conf (r1..5) 0.217 (head ~0.60)
exact-memo eps per r {1: '1e-12', 2: '1e-12', 3: '31', 4: '183', 5: '1e+03', 0: '1e-12'}
exact-memo per-r NLL [3.02, 2.64, 2.7, 2.61, 2.41]

== prior {"bracket_width_max": 30.62322688102722, "numerics": {"fp64": {"max|sum-k|": 2.6645352591003757e-15, "max|pi-pi64|": 2.220446049250313e-16}, "fp64+newton": {"max|sum-k|": 1.7763568394002505e-15, "max|pi-pi64|": 0.0}, "fp32": {"max|sum-k|": 1.1423535397625528e-06, "max|pi-pi64|": 1.3553641109442793e-07}, "fp32+newton": {"max|sum-k|": 9.372597560286522e-07, "max|pi-pi64|": 1.2323953657578102e-07}}, "max_pi": 0.7184608016930399, "bce_finite": true, "bce_per_decision_mean": 8.398033660361817, "pps_capped_rate": 0.009214186369958275, "pps_capped_wrong_rate": 0.002347009735744089, "pps_other_share_by_r": [0.661, 0.597, 0.566, 0.562, 0.597, 0.697], "other_calib_k": [[0, 4.244, 3.455], [1, 3.316, 2.913], [2, 2.58, 2.287], [3, 1.936, 1.748], [4, 1.344, 1.204], [5, 0.743, 0.657]]}
  budget    k: r0 H6 OTHER 4.24 (71%) rec 0.42 ties 0 | r1 H5 OTHER 3.32 (66%) rec 0.42 ties 0 | r2 H4 OTHER 2.58 (64%) rec 0.43 ties 0 | r3 H3 OTHER 1.94 (64%) rec 0.42 ties 0 | r4 H2 OTHER 1.34 (67%) rec 0.40 ties 0 | r5 H1 OTHER 0.74 (74%) rec 0.34 ties 0
  budget  k+2: r0 H8 OTHER 3.77 (63%) rec 0.52 ties 0 | r1 H7 OTHER 2.82 (56%) rec 0.52 ties 0 | r2 H6 OTHER 2.11 (53%) rec 0.55 ties 0 | r3 H5 OTHER 1.50 (50%) rec 0.56 ties 0 | r4 H4 OTHER 0.98 (49%) rec 0.57 ties 0 | r5 H3 OTHER 0.49 (49%) rec 0.58 ties 0
  budget  k+6: r0 H12 OTHER 2.94 (49%) rec 0.66 ties 0 | r1 H11 OTHER 2.04 (41%) rec 0.69 ties 0 | r2 H10 OTHER 1.42 (36%) rec 0.73 ties 0 | r3 H9 OTHER 0.93 (31%) rec 0.74 ties 0 | r4 H8 OTHER 0.55 (28%) rec 0.76 ties 0 | r5 H7 OTHER 0.25 (25%) rec 0.77 ties 0
  budget   12: r0 H12 OTHER 2.94 (49%) rec 0.66 ties 0 | r1 H12 OTHER 1.89 (38%) rec 0.73 ties 0 | r2 H12 OTHER 1.17 (29%) rec 0.78 ties 0 | r3 H12 OTHER 0.66 (22%) rec 0.82 ties 0 | r4 H12 OTHER 0.33 (16%) rec 0.85 ties 1 | r5 H12 OTHER 0.12 (12%) rec 0.88 ties 2
  budget   18: r0 H18 OTHER 1.99 (33%) rec 0.83 ties 0 | r1 H18 OTHER 1.20 (24%) rec 0.87 ties 0 | r2 H18 OTHER 0.68 (17%) rec 0.89 ties 0 | r3 H18 OTHER 0.36 (12%) rec 0.91 ties 0 | r4 H18 OTHER 0.17 (8%) rec 0.94 ties 0 | r5 H18 OTHER 0.06 (6%) rec 0.94 ties 6

== memo_NB_proxy {"bracket_width_max": 30.62322688102722, "numerics": {"fp64": {"max|sum-k|": 2.6645352591003757e-15, "max|pi-pi64|": 3.3306690738754696e-16}, "fp64+newton": {"max|sum-k|": 1.7763568394002505e-15, "max|pi-pi64|": 0.0}, "fp32": {"max|sum-k|": 1.4905963325873017e-06, "max|pi-pi64|": 1.5061897862267415e-07}, "fp32+newton": {"max|sum-k|": 1.0178337106481194e-06, "max|pi-pi64|": 1.311906165923915e-07}}, "max_pi": 0.9740102648701516, "bce_finite": true, "bce_per_decision_mean": 7.706518741023803, "pps_capped_rate": 0.017211404728789986, "pps_capped_wrong_rate": 0.0026947148817802503, "pps_other_share_by_r": [0.577, 0.536, 0.521, 0.532, 0.583, 0.697], "other_calib_k": [[0, 3.874, 3.352], [1, 3.064, 2.659], [2, 2.415, 2.049], [3, 1.86, 1.65], [4, 1.322, 1.185], [5, 0.743, 0.657]]}
  budget    k: r0 H6 OTHER 3.87 (65%) rec 0.44 ties 0 | r1 H5 OTHER 3.06 (61%) rec 0.47 ties 0 | r2 H4 OTHER 2.42 (60%) rec 0.49 ties 1 | r3 H3 OTHER 1.86 (62%) rec 0.45 ties 0 | r4 H2 OTHER 1.32 (66%) rec 0.41 ties 0 | r5 H1 OTHER 0.74 (74%) rec 0.34 ties 0
  budget  k+2: r0 H8 OTHER 3.33 (56%) rec 0.54 ties 0 | r1 H7 OTHER 2.50 (50%) rec 0.58 ties 0 | r2 H6 OTHER 1.86 (46%) rec 0.62 ties 1 | r3 H5 OTHER 1.39 (46%) rec 0.60 ties 0 | r4 H4 OTHER 0.94 (47%) rec 0.58 ties 0 | r5 H3 OTHER 0.49 (49%) rec 0.58 ties 0
  budget  k+6: r0 H12 OTHER 2.44 (41%) rec 0.69 ties 0 | r1 H11 OTHER 1.59 (32%) rec 0.74 ties 8 | r2 H10 OTHER 1.07 (27%) rec 0.80 ties 1 | r3 H9 OTHER 0.78 (26%) rec 0.79 ties 0 | r4 H8 OTHER 0.51 (25%) rec 0.77 ties 0 | r5 H7 OTHER 0.25 (25%) rec 0.77 ties 0
  budget   12: r0 H12 OTHER 2.44 (41%) rec 0.69 ties 0 | r1 H12 OTHER 1.41 (28%) rec 0.78 ties 33 | r2 H12 OTHER 0.79 (20%) rec 0.85 ties 1 | r3 H12 OTHER 0.50 (16%) rec 0.87 ties 0 | r4 H12 OTHER 0.28 (14%) rec 0.87 ties 0 | r5 H12 OTHER 0.12 (12%) rec 0.88 ties 2
  budget   18: r0 H18 OTHER 1.41 (24%) rec 0.85 ties 0 | r1 H18 OTHER 0.65 (13%) rec 0.90 ties 20 | r2 H18 OTHER 0.31 (8%) rec 0.94 ties 1 | r3 H18 OTHER 0.20 (7%) rec 0.95 ties 0 | r4 H18 OTHER 0.12 (6%) rec 0.95 ties 2 | r5 H18 OTHER 0.06 (6%) rec 0.94 ties 6

== memo_EXACT_fit_to_head {"bracket_width_max": 45.24325937268022, "numerics": {"fp64": {"max|sum-k|": 2.6645352591003757e-15, "max|pi-pi64|": 3.3306690738754696e-16}, "fp64+newton": {"max|sum-k|": 1.7763568394002505e-15, "max|pi-pi64|": 0.0}, "fp32": {"max|sum-k|": 1.311300579232011e-06, "max|pi-pi64|": 1.5140562337201402e-07}, "fp32+newton": {"max|sum-k|": 9.834771681482835e-07, "max|pi-pi64|": 1.3192088577085315e-07}}, "max_pi": 0.9999996985549027, "bce_finite": true, "bce_per_decision_mean": 7.554915033599626, "pps_capped_rate": 0.019210709318497915, "pps_capped_wrong_rate": 0.001303894297635605, "pps_other_share_by_r": [0.559, 0.533, 0.49, 0.563, 0.597, 0.697], "other_calib_k": [[0, 3.772, 3.352], [1, 3.049, 2.657], [2, 2.282, 1.936], [3, 1.935, 1.643], [4, 1.344, 1.191], [5, 0.743, 0.656]]}
  budget    k: r0 H6 OTHER 3.77 (63%) rec 0.44 ties 0 | r1 H5 OTHER 3.05 (61%) rec 0.47 ties 252 | r2 H4 OTHER 2.28 (57%) rec 0.52 ties 391 | r3 H3 OTHER 1.94 (64%) rec 0.45 ties 0 | r4 H2 OTHER 1.34 (67%) rec 0.40 ties 0 | r5 H1 OTHER 0.74 (74%) rec 0.34 ties 0
  budget  k+2: r0 H8 OTHER 3.20 (53%) rec 0.54 ties 0 | r1 H7 OTHER 2.48 (50%) rec 0.58 ties 275 | r2 H6 OTHER 1.71 (43%) rec 0.65 ties 583 | r3 H5 OTHER 1.50 (50%) rec 0.61 ties 0 | r4 H4 OTHER 0.98 (49%) rec 0.58 ties 0 | r5 H3 OTHER 0.49 (49%) rec 0.58 ties 0
  budget  k+6: r0 H12 OTHER 2.26 (38%) rec 0.69 ties 0 | r1 H11 OTHER 1.57 (32%) rec 0.74 ties 438 | r2 H10 OTHER 0.92 (23%) rec 0.83 ties 858 | r3 H9 OTHER 0.92 (31%) rec 0.80 ties 0 | r4 H8 OTHER 0.55 (28%) rec 0.77 ties 0 | r5 H7 OTHER 0.25 (25%) rec 0.77 ties 0
  budget   12: r0 H12 OTHER 2.26 (38%) rec 0.69 ties 0 | r1 H12 OTHER 1.39 (28%) rec 0.78 ties 158 | r2 H12 OTHER 0.66 (16%) rec 0.88 ties 1065 | r3 H12 OTHER 0.65 (22%) rec 0.88 ties 0 | r4 H12 OTHER 0.33 (16%) rec 0.87 ties 1 | r5 H12 OTHER 0.12 (12%) rec 0.89 ties 2
  budget   18: r0 H18 OTHER 1.17 (19%) rec 0.85 ties 0 | r1 H18 OTHER 0.64 (13%) rec 0.90 ties 566 | r2 H18 OTHER 0.24 (6%) rec 0.96 ties 1499 | r3 H18 OTHER 0.35 (12%) rec 0.96 ties 0 | r4 H18 OTHER 0.17 (8%) rec 0.96 ties 0 | r5 H18 OTHER 0.06 (6%) rec 0.95 ties 6
