{"label": "wide", "pair": 1, "road": "core", "arms": 684, "ms_per_decision_median": 331.1583370086737, "load1_start": 36.20458984375}
{"label": "wide", "pair": 1, "road": "core-trk", "arms": 684, "ms_per_decision_median": 393.4729220054578, "load1_start": 38.16259765625}
{"label": "wide", "pair": 2, "road": "core-trk", "arms": 684, "ms_per_decision_median": 417.7278674978879, "load1_start": 38.6533203125}
{"label": "wide", "pair": 2, "road": "core", "arms": 684, "ms_per_decision_median": 307.37987049360527, "load1_start": 40.08349609375}
{"label": "wide", "pair": 3, "road": "core", "arms": 684, "ms_per_decision_median": 357.6643074993626, "load1_start": 40.45849609375}
{"label": "wide", "pair": 3, "road": "core-trk", "arms": 684, "ms_per_decision_median": 351.1833594966447, "load1_start": 36.92919921875}
{"label": "wide", "pair": 4, "road": "core-trk", "arms": 684, "ms_per_decision_median": 493.2040389976464, "load1_start": 37.494140625}
{"label": "wide", "pair": 4, "road": "core", "arms": 684, "ms_per_decision_median": 485.5278880058904, "load1_start": 35.755859375}
{"label": "wide", "pair": 5, "road": "core", "arms": 684, "ms_per_decision_median": 260.6804320021183, "load1_start": 37.27685546875}
{"label": "wide", "pair": 5, "road": "core-trk", "arms": 684, "ms_per_decision_median": 282.92849099671, "load1_start": 34.8349609375}
{"label": "wide", "pair": 6, "road": "core-trk", "arms": 684, "ms_per_decision_median": 308.98874999547843, "load1_start": 32.861328125}
{"label": "wide", "pair": 6, "road": "core", "arms": 684, "ms_per_decision_median": 311.63530250341864, "load1_start": 30.8896484375}
{"label": "wide", "pair": 7, "road": "core", "arms": 684, "ms_per_decision_median": 256.25324249995174, "load1_start": 29.857421875}
{"label": "wide", "pair": 7, "road": "core-trk", "arms": 684, "ms_per_decision_median": 291.68386250239564, "load1_start": 28.71630859375}
{"label": "wide", "pair": 8, "road": "core-trk", "arms": 684, "ms_per_decision_median": 312.781337503111, "load1_start": 26.98828125}
{"label": "wide", "pair": 8, "road": "core", "arms": 684, "ms_per_decision_median": 449.88501950138016, "load1_start": 25.83935546875}
{"label": "b1", "pair": 1, "road": "core", "arms": 10, "ms_per_decision_median": 91.05402199929813, "load1_start": 32.3447265625}
{"label": "b1", "pair": 1, "road": "core-trk", "arms": 10, "ms_per_decision_median": 83.83347100607352, "load1_start": 32.3974609375}
{"label": "b1", "pair": 2, "road": "core-trk", "arms": 10, "ms_per_decision_median": 102.17121100140503, "load1_start": 32.52197265625}
{"label": "b1", "pair": 2, "road": "core", "arms": 10, "ms_per_decision_median": 71.84707999113016, "load1_start": 31.14404296875}
{"label": "b1", "pair": 3, "road": "core", "arms": 10, "ms_per_decision_median": 70.81622000259813, "load1_start": 29.9169921875}
{"label": "b1", "pair": 3, "road": "core-trk", "arms": 10, "ms_per_decision_median": 109.62548150564544, "load1_start": 33.82177734375}
{"label": "b1", "pair": 4, "road": "core-trk", "arms": 10, "ms_per_decision_median": 124.14793200150598, "load1_start": 34.970703125}
{"label": "b1", "pair": 4, "road": "core", "arms": 10, "ms_per_decision_median": 75.38760050374549, "load1_start": 36.98681640625}
{"label": "b1", "pair": 5, "road": "core", "arms": 10, "ms_per_decision_median": 63.95094600156881, "load1_start": 36.21728515625}
{"label": "b1", "pair": 5, "road": "core-trk", "arms": 10, "ms_per_decision_median": 80.98632750625256, "load1_start": 36.8408203125}
{"label": "b1", "pair": 6, "road": "core-trk", "arms": 10, "ms_per_decision_median": 89.87017999606906, "load1_start": 36.0810546875}
{"label": "b1", "pair": 6, "road": "core", "arms": 10, "ms_per_decision_median": 64.20849949063268, "load1_start": 38.3935546875}
{"label": "b1", "pair": 7, "road": "core", "arms": 10, "ms_per_decision_median": 83.83010950637981, "load1_start": 37.48095703125}
{"label": "b1", "pair": 7, "road": "core-trk", "arms": 10, "ms_per_decision_median": 95.9134169970639, "load1_start": 38.93505859375}
{"label": "b1", "pair": 8, "road": "core-trk", "arms": 10, "ms_per_decision_median": 116.80218050605617, "load1_start": 40.82177734375}
{"label": "b1", "pair": 8, "road": "core", "arms": 10, "ms_per_decision_median": 71.84837750537554, "load1_start": 43.30615234375}
DONE
