=== B_loop_away_s0  2026-09-24T12:00:26-07:00  load=17.68 18.00 18.89
--- KILLED by test at game 34 of B_loop_away_s0 (2026-09-24T12:02:44-07:00); resuming ---
=== B_loop_away_s0  2026-09-24T12:02:44-07:00  load=30.14 23.28 20.81
=== B_loop_away_s0 rc=0  2026-09-24T12:08:33-07:00
=== C_ctrl_away_s0  2026-09-24T12:08:33-07:00  load=30.48 28.87 24.29
=== C_ctrl_away_s0 rc=0  2026-09-24T12:14:03-07:00
=== G0_plateau_away_s0  2026-09-24T12:14:03-07:00  load=21.70 27.02 24.97
=== G0_plateau_away_s0 rc=0  2026-09-24T12:20:39-07:00
=== B_loop_home_s0  2026-09-24T12:20:39-07:00  load=42.65 34.32 28.68
=== B_loop_home_s0 rc=0  2026-09-24T12:28:56-07:00
=== C_ctrl_home_s0  2026-09-24T12:28:56-07:00  load=26.20 33.91 31.16
=== C_ctrl_home_s0 rc=0  2026-09-24T12:36:32-07:00
=== G0_plateau_home_s0  2026-09-24T12:36:32-07:00  load=30.78 35.26 33.13
=== G0_plateau_home_s0 rc=0  2026-09-24T12:44:57-07:00
=== B_loop_away_s10  2026-09-24T12:44:57-07:00  load=37.39 35.21 33.58
=== B_loop_away_s10 rc=0  2026-09-24T12:53:39-07:00
=== C_ctrl_away_s10  2026-09-24T12:53:39-07:00  load=34.00 33.59 33.21
=== C_ctrl_away_s10 rc=0  2026-09-24T13:00:57-07:00
=== G0_plateau_away_s10  2026-09-24T13:00:57-07:00  load=30.04 33.67 33.60
=== G0_plateau_away_s10 rc=0  2026-09-24T13:09:13-07:00
=== B_loop_home_s10  2026-09-24T13:09:13-07:00  load=26.69 33.29 33.83
=== B_loop_home_s10 rc=0  2026-09-24T13:20:52-07:00
=== C_ctrl_home_s10  2026-09-24T13:20:52-07:00  load=48.33 42.59 38.46
=== C_ctrl_home_s10 rc=0  2026-09-24T13:33:32-07:00
=== G0_plateau_home_s10  2026-09-24T13:33:32-07:00  load=41.83 39.85 39.41
=== G0_plateau_home_s10 rc=0  2026-09-24T13:43:45-07:00
=== B_loop_away_s20  2026-09-24T13:43:45-07:00  load=29.67 36.13 38.57
=== B_loop_away_s20 rc=0  2026-09-24T13:49:19-07:00
=== C_ctrl_away_s20  2026-09-24T13:49:19-07:00  load=29.18 29.10 34.49
=== C_ctrl_away_s20 rc=0  2026-09-24T13:55:48-07:00
=== G0_plateau_away_s20  2026-09-24T13:55:48-07:00  load=34.28 31.93 33.84
=== G0_plateau_away_s20 rc=0  2026-09-24T14:01:49-07:00
=== B_loop_home_s20  2026-09-24T14:01:49-07:00  load=25.54 29.12 32.02
=== B_loop_home_s20 rc=0  2026-09-24T14:07:34-07:00
=== C_ctrl_home_s20  2026-09-24T14:07:34-07:00  load=32.64 29.60 31.26
=== C_ctrl_home_s20 rc=0  2026-09-24T14:12:58-07:00
=== G0_plateau_home_s20  2026-09-24T14:12:58-07:00  load=24.84 27.59 29.84
=== G0_plateau_home_s20 rc=0  2026-09-24T14:22:21-07:00
=== B_loop_away_s30  2026-09-24T14:22:21-07:00  load=35.22 34.23 32.56
=== B_loop_away_s30 rc=0  2026-09-24T14:30:34-07:00
=== C_ctrl_away_s30  2026-09-24T14:30:34-07:00  load=30.26 31.64 32.27
=== C_ctrl_away_s30 rc=0  2026-09-24T14:38:56-07:00
=== G0_plateau_away_s30  2026-09-24T14:38:56-07:00  load=34.28 31.70 32.09
=== G0_plateau_away_s30 rc=0  2026-09-24T14:46:02-07:00
=== B_loop_home_s30  2026-09-24T14:46:02-07:00  load=28.76 30.74 31.73
=== B_loop_home_s30 rc=0  2026-09-24T14:53:53-07:00
=== C_ctrl_home_s30  2026-09-24T14:53:54-07:00  load=32.14 32.37 32.14
=== C_ctrl_home_s30 rc=0  2026-09-24T15:01:22-07:00
=== G0_plateau_home_s30  2026-09-24T15:01:22-07:00  load=24.05 30.88 32.35
=== G0_plateau_home_s30 rc=0  2026-09-24T15:05:58-07:00
=== B_loop_away_s40  2026-09-24T15:05:58-07:00  load=33.89 28.33 30.46
=== B_loop_away_s40 rc=0  2026-09-24T15:10:41-07:00
=== C_ctrl_away_s40  2026-09-24T15:10:41-07:00  load=36.62 29.67 30.04
=== C_ctrl_away_s40 rc=0  2026-09-24T15:15:30-07:00
=== G0_plateau_away_s40  2026-09-24T15:15:30-07:00  load=23.39 26.80 28.63
=== G0_plateau_away_s40 rc=0  2026-09-24T15:20:15-07:00
=== B_loop_home_s40  2026-09-24T15:20:15-07:00  load=21.88 25.37 27.68
=== B_loop_home_s40 rc=0  2026-09-24T15:25:15-07:00
=== C_ctrl_home_s40  2026-09-24T15:25:15-07:00  load=29.37 25.51 27.07
=== C_ctrl_home_s40 rc=0  2026-09-24T15:31:25-07:00
=== G0_plateau_home_s40  2026-09-24T15:31:25-07:00  load=22.48 26.15 26.94
=== G0_plateau_home_s40 rc=0  2026-09-24T15:36:09-07:00
=== B_loop_away_s50  2026-09-24T15:36:09-07:00  load=30.67 28.40 27.73
=== B_loop_away_s50 rc=0  2026-09-24T15:40:50-07:00
=== C_ctrl_away_s50  2026-09-24T15:40:50-07:00  load=31.97 28.21 27.77
=== C_ctrl_away_s50 rc=0  2026-09-24T15:45:24-07:00
=== G0_plateau_away_s50  2026-09-24T15:45:24-07:00  load=34.17 29.03 28.02
=== G0_plateau_away_s50 rc=0  2026-09-24T15:49:31-07:00
=== B_loop_home_s50  2026-09-24T15:49:31-07:00  load=20.30 26.09 27.10
=== B_loop_home_s50 rc=0  2026-09-24T15:53:47-07:00
=== C_ctrl_home_s50  2026-09-24T15:53:47-07:00  load=15.08 22.77 25.63
=== C_ctrl_home_s50 rc=0  2026-09-24T15:58:23-07:00
=== G0_plateau_home_s50  2026-09-24T15:58:23-07:00  load=31.78 26.98 26.79
=== G0_plateau_home_s50 rc=0  2026-09-24T16:02:34-07:00
ALL UNITS DONE 2026-09-24T16:02:34-07:00
