### decision_b1_view_r3  start 2026-09-23T12:55:09-07:00  27.38 24.02 18.69 5/2412 71815

SEARCHED-DECISION BENCHMARK  (honest arm, m_opp=1, k_worlds=1, impl=rust)
  contention: load average 25.74/23.74/18.63 on 16 cpus (CPU-STARVED, expect ~1.6x slower). If this is a timeout and a training run is live, it is probably starvation, not a bug — confirm with: ps -eo pcpu,pid,args --sort=-pcpu | head
  traces: /home/goodlad/dev/gen3ai/models/ai_v12_02_winprob_critic/eval_traces  (4665 banked battles)
  🚨 ratios are the claim; absolute ms scale with whatever else the box is doing.

  turn  13  arms=  1  worlds=1/1  view=    22.3 ms
  turn  28  arms=  1  worlds=1/1  view=    29.5 ms
  turn  11  arms=  1  worlds=1/1  view=    19.3 ms
  turn  20  arms=  1  worlds=1/1  view=    23.5 ms
  turn  15  arms=  1  worlds=1/1  view=    20.7 ms
  turn  11  arms=  1  worlds=1/1  view=    18.9 ms
  turn  19  arms=  1  worlds=1/1  view=    22.8 ms
  turn  16  arms=  1  worlds=1/1  view=    21.8 ms
  turn  14  arms=  1  worlds=1/1  view=    29.6 ms
  turn  13  arms=  1  worlds=1/1  view=    20.7 ms

  DECISIONS: 10
        road   arms   ms/decision     ms/arm
        view     10          22.1     22.067
  view_arms=10  fallback_intermediate=0  fallback_no_payload=0

  PHASE BREAKDOWN — view road   (exclusive wall, summed over 10 decisions / 10 arms)
  phase                                    ms total    ms/arm   % dec
  port open_root (rust)                        77.2     7.721   33.7%
  prefix replay (open_view_fork)               51.8     5.183   22.6%
  decision encode/track                        19.4     1.944    8.5%
  action mask                                  15.8     1.578    6.9%
  port expand_many (rust)                       5.3     0.532    2.3%
  replay player build                           4.2     0.421    1.8%
  encode (obs)                                  3.2     0.324    1.4%
  tracker fork (thaw)                           3.1     0.314    1.4%
  view_adapter read-models                      2.9     0.291    1.3%
  action_choices / map_actions_at               1.3     0.134    0.6%
  event fold (ply protocol)                     0.8     0.081    0.4%
  successor context                             0.5     0.048    0.2%
  event-fold branch                             0.1     0.012    0.1%
  poke-env protocol feed                        0.0     0.001    0.0%
  python glue (uninstrumented)                 43.4     4.336   18.9%
  SPANS (INCLUSIVE, so they overlap the rows above) — view
    prefix replay (open_view_fork)             92.5 ms   40.4% of decision wall
    port open_root (rust)                      77.2 ms   33.7% of decision wall
    port expand_many (rust)                     5.3 ms    2.3% of decision wall

  contention: load average 25.74/23.74/18.63 on 16 cpus (CPU-STARVED, expect ~1.6x slower). If this is a timeout and a training run is live, it is probably starvation, not a bug — confirm with: ps -eo pcpu,pid,args --sort=-pcpu | head
### end 2026-09-23T12:55:11-07:00  25.74 23.74 18.63 6/2412 71933
