### decision_wide_view_r5  start 2026-09-23T12:55:31-07:00  19.93 22.54 18.35 5/2416 72598

SEARCHED-DECISION BENCHMARK  (honest arm, m_opp=3, k_worlds=4, impl=rust)
  contention: load average 19.93/22.54/18.35 on 16 cpus (box looks idle). If this is a timeout and a training run is live, it is probably starvation, not a bug — confirm with: ps -eo pcpu,pid,args --sort=-pcpu | head
  traces: /home/goodlad/dev/gen3ai/models/ai_v12_02_winprob_critic/eval_traces  (4665 banked battles)
  🚨 ratios are the claim; absolute ms scale with whatever else the box is doing.

  turn  13  arms= 18  worlds=1/1  view=    48.8 ms
  turn  28  arms= 15  worlds=1/1  view=    50.6 ms
  turn  11  arms= 84  worlds=4/4  view=   126.5 ms
  turn  20  arms=108  worlds=4/4  view=   326.0 ms
  turn  15  arms= 84  worlds=4/4  view=   156.5 ms
  turn  11  arms= 96  worlds=4/4  view=   274.0 ms
  turn  19  arms= 96  worlds=4/4  view=   153.1 ms
  turn  16  arms= 84  worlds=4/4  view=   243.4 ms
  turn  14  arms= 72  worlds=4/4  view=   133.4 ms
  turn  13  arms= 27  worlds=1/1  view=    57.9 ms

  DECISIONS: 10
        road   arms   ms/decision     ms/arm
        view    684         143.2      2.426
  view_arms=684  fallback_intermediate=0  fallback_no_payload=0

  PHASE BREAKDOWN — view road   (exclusive wall, summed over 10 decisions / 684 arms)
  phase                                    ms total    ms/arm   % dec
  view_adapter read-models                    424.8     0.621   27.1%
  tracker fork (thaw)                         243.9     0.357   15.5%
  port expand_many (rust)                     203.1     0.297   12.9%
  encode (obs)                                176.4     0.258   11.2%
  port open_root (rust)                       137.7     0.201    8.8%
  prefix replay (open_view_fork)               51.9     0.076    3.3%
  event fold (ply protocol)                    40.1     0.059    2.6%
  successor context                            25.4     0.037    1.6%
  action mask                                  20.3     0.030    1.3%
  decision encode/track                        19.9     0.029    1.3%
  event-fold branch                             6.8     0.010    0.4%
  replay player build                           5.1     0.007    0.3%
  action_choices / map_actions_at               1.5     0.002    0.1%
  poke-env protocol feed                        0.0     0.000    0.0%
  python glue (uninstrumented)                213.1     0.312   13.6%
  SPANS (INCLUSIVE, so they overlap the rows above) — view
    prefix replay (open_view_fork)             95.8 ms    6.1% of decision wall
    port open_root (rust)                     137.7 ms    8.8% of decision wall
    port expand_many (rust)                   203.1 ms   12.9% of decision wall

  contention: load average 18.73/22.25/18.27 on 16 cpus (box looks idle). If this is a timeout and a training run is live, it is probably starvation, not a bug — confirm with: ps -eo pcpu,pid,args --sort=-pcpu | head
### end 2026-09-23T12:55:35-07:00  18.73 22.25 18.27 5/2419 72728
