### decision_b1_view_r5  start 2026-09-23T12:55:41-07:00  17.63 21.97 18.20 5/2406 72886

SEARCHED-DECISION BENCHMARK  (honest arm, m_opp=1, k_worlds=1, impl=rust)
  contention: load average 17.63/21.97/18.20 on 16 cpus (box looks idle). If this is a timeout and a training run is live, it is probably starvation, not a bug — confirm with: ps -eo pcpu,pid,args --sort=-pcpu | head
  traces: /home/goodlad/dev/gen3ai/models/ai_v12_02_winprob_critic/eval_traces  (4665 banked battles)
  🚨 ratios are the claim; absolute ms scale with whatever else the box is doing.

  turn  13  arms=  1  worlds=1/1  view=    26.2 ms
  turn  28  arms=  1  worlds=1/1  view=    28.9 ms
  turn  11  arms=  1  worlds=1/1  view=    20.2 ms
  turn  20  arms=  1  worlds=1/1  view=    24.6 ms
  turn  15  arms=  1  worlds=1/1  view=    23.5 ms
  turn  11  arms=  1  worlds=1/1  view=    20.1 ms
  turn  19  arms=  1  worlds=1/1  view=    23.2 ms
  turn  16  arms=  1  worlds=1/1  view=    28.4 ms
  turn  14  arms=  1  worlds=1/1  view=    22.1 ms
  turn  13  arms=  1  worlds=1/1  view=    20.3 ms

  DECISIONS: 10
        road   arms   ms/decision     ms/arm
        view     10          23.4     23.378
  view_arms=10  fallback_intermediate=0  fallback_no_payload=0

  PHASE BREAKDOWN — view road   (exclusive wall, summed over 10 decisions / 10 arms)
  phase                                    ms total    ms/arm   % dec
  port open_root (rust)                        75.8     7.576   31.9%
  prefix replay (open_view_fork)               52.5     5.247   22.1%
  decision encode/track                        19.9     1.989    8.4%
  action mask                                  16.2     1.617    6.8%
  port expand_many (rust)                       5.5     0.555    2.3%
  replay player build                           4.7     0.471    2.0%
  encode (obs)                                  3.5     0.353    1.5%
  tracker fork (thaw)                           3.4     0.338    1.4%
  view_adapter read-models                      3.2     0.320    1.3%
  action_choices / map_actions_at               1.4     0.142    0.6%
  event fold (ply protocol)                     0.9     0.085    0.4%
  successor context                             0.5     0.050    0.2%
  event-fold branch                             0.2     0.015    0.1%
  poke-env protocol feed                        0.0     0.001    0.0%
  python glue (uninstrumented)                 50.0     4.999   21.0%
  SPANS (INCLUSIVE, so they overlap the rows above) — view
    prefix replay (open_view_fork)             94.6 ms   39.8% of decision wall
    port open_root (rust)                      75.8 ms   31.9% of decision wall
    port expand_many (rust)                     5.5 ms    2.3% of decision wall

  contention: load average 17.63/21.97/18.20 on 16 cpus (box looks idle). If this is a timeout and a training run is live, it is probably starvation, not a bug — confirm with: ps -eo pcpu,pid,args --sort=-pcpu | head
### end 2026-09-23T12:55:44-07:00  17.63 21.97 18.20 5/2406 73002
