### decision_b1_view_r2  start 2026-09-23T12:54:48-07:00  29.46 24.07 18.59 59/2424 71265

SEARCHED-DECISION BENCHMARK  (honest arm, m_opp=1, k_worlds=1, impl=rust)
  contention: load average 30.94/24.46/18.75 on 16 cpus (CPU-STARVED, expect ~1.9x slower). If this is a timeout and a training run is live, it is probably starvation, not a bug — confirm with: ps -eo pcpu,pid,args --sort=-pcpu | head
  traces: /home/goodlad/dev/gen3ai/models/ai_v12_02_winprob_critic/eval_traces  (4665 banked battles)
  🚨 ratios are the claim; absolute ms scale with whatever else the box is doing.

  turn  13  arms=  1  worlds=1/1  view=    31.5 ms
  turn  28  arms=  1  worlds=1/1  view=    55.0 ms
  turn  11  arms=  1  worlds=1/1  view=    27.4 ms
  turn  20  arms=  1  worlds=1/1  view=    44.1 ms
  turn  15  arms=  1  worlds=1/1  view=    50.1 ms
  turn  11  arms=  1  worlds=1/1  view=    37.5 ms
  turn  19  arms=  1  worlds=1/1  view=    31.9 ms
  turn  16  arms=  1  worlds=1/1  view=    52.2 ms
  turn  14  arms=  1  worlds=1/1  view=    40.8 ms
  turn  13  arms=  1  worlds=1/1  view=    37.8 ms

  DECISIONS: 10
        road   arms   ms/decision     ms/arm
        view     10          39.3     39.273
  view_arms=10  fallback_intermediate=0  fallback_no_payload=0

  PHASE BREAKDOWN — view road   (exclusive wall, summed over 10 decisions / 10 arms)
  phase                                    ms total    ms/arm   % dec
  port open_root (rust)                       106.6    10.661   26.1%
  prefix replay (open_view_fork)               78.0     7.799   19.1%
  decision encode/track                        33.2     3.322    8.1%
  action mask                                  24.4     2.436    6.0%
  view_adapter read-models                     20.3     2.027    5.0%
  port expand_many (rust)                      18.8     1.880    4.6%
  replay player build                          13.2     1.322    3.2%
  encode (obs)                                  5.1     0.506    1.2%
  tracker fork (thaw)                           4.6     0.456    1.1%
  action_choices / map_actions_at               2.0     0.198    0.5%
  event fold (ply protocol)                     1.2     0.118    0.3%
  successor context                             0.7     0.074    0.2%
  event-fold branch                             0.3     0.025    0.1%
  poke-env protocol feed                        0.0     0.002    0.0%
  python glue (uninstrumented)                 99.9     9.994   24.5%
  SPANS (INCLUSIVE, so they overlap the rows above) — view
    prefix replay (open_view_fork)            150.7 ms   36.9% of decision wall
    port open_root (rust)                     106.6 ms   26.1% of decision wall
    port expand_many (rust)                    18.8 ms    4.6% of decision wall

  contention: load average 30.94/24.46/18.75 on 16 cpus (CPU-STARVED, expect ~1.9x slower). If this is a timeout and a training run is live, it is probably starvation, not a bug — confirm with: ps -eo pcpu,pid,args --sort=-pcpu | head
### end 2026-09-23T12:54:53-07:00  30.94 24.46 18.75 52/2427 71398
