### decision_wide_protocol_r4  start 2026-09-23T12:55:19-07:00  24.08 23.43 18.56 6/2418 72204

SEARCHED-DECISION BENCHMARK  (honest arm, m_opp=3, k_worlds=4, impl=rust)
  contention: load average 22.55/23.12/18.49 on 16 cpus (CPU-STARVED, expect ~1.4x slower). If this is a timeout and a training run is live, it is probably starvation, not a bug — confirm with: ps -eo pcpu,pid,args --sort=-pcpu | head
  traces: /home/goodlad/dev/gen3ai/models/ai_v12_02_winprob_critic/eval_traces  (4665 banked battles)
  🚨 ratios are the claim; absolute ms scale with whatever else the box is doing.

  turn  13  arms= 18  worlds=1/1  protocol=    71.3 ms
  turn  28  arms= 15  worlds=1/1  protocol=    69.7 ms
  turn  11  arms= 84  worlds=4/4  protocol=   175.4 ms
  turn  20  arms=108  worlds=4/4  protocol=   415.0 ms
  turn  15  arms= 84  worlds=4/4  protocol=   205.7 ms
  turn  11  arms= 96  worlds=4/4  protocol=   222.0 ms
  turn  19  arms= 96  worlds=4/4  protocol=   336.8 ms
  turn  16  arms= 84  worlds=4/4  protocol=   190.1 ms
  turn  14  arms= 72  worlds=4/4  protocol=   319.1 ms
  turn  13  arms= 27  worlds=1/1  protocol=    73.8 ms

  DECISIONS: 10
        road   arms   ms/decision     ms/arm
    protocol    684         197.9      3.120

  PHASE BREAKDOWN — protocol road   (exclusive wall, summed over 10 decisions / 684 arms)
  phase                                    ms total    ms/arm   % dec
  snapshot restore (protocol)                 604.7     0.884   29.1%
  port expand_many (rust)                     350.2     0.512   16.8%
  protocol arms (materialize_branches_from)      231.8     0.339   11.1%
  encode (obs)                                230.0     0.336   11.1%
  port open_root (rust)                       147.3     0.215    7.1%
  decision encode/track                       133.3     0.195    6.4%
  action mask                                  88.3     0.129    4.2%
  protocol prefix replay (open_branch_fork)       83.2     0.122    4.0%
  action_choices / map_actions_at              75.9     0.111    3.7%
  snapshot freeze (protocol)                   11.9     0.017    0.6%
  replay player build                           5.4     0.008    0.3%
  poke-env protocol feed                        0.5     0.001    0.0%
  python glue (uninstrumented)                116.2     0.170    5.6%
  SPANS (INCLUSIVE, so they overlap the rows above) — protocol
    protocol prefix replay (open_branch_fork)      140.2 ms    6.7% of decision wall
    protocol arms (materialize_branches_from)     1324.8 ms   63.7% of decision wall
    port open_root (rust)                     147.3 ms    7.1% of decision wall
    port expand_many (rust)                   350.2 ms   16.8% of decision wall

  contention: load average 22.55/23.12/18.49 on 16 cpus (CPU-STARVED, expect ~1.4x slower). If this is a timeout and a training run is live, it is probably starvation, not a bug — confirm with: ps -eo pcpu,pid,args --sort=-pcpu | head
### end 2026-09-23T12:55:24-07:00  22.55 23.12 18.49 5/2411 72332
