### decision_wide_protocol_r1  start 2026-09-23T12:54:17-07:00  28.54 23.35 18.18 5/2407 70552

SEARCHED-DECISION BENCHMARK  (honest arm, m_opp=3, k_worlds=4, impl=rust)
  contention: load average 28.54/23.35/18.19 on 16 cpus (CPU-STARVED, expect ~1.8x slower). If this is a timeout and a training run is live, it is probably starvation, not a bug — confirm with: ps -eo pcpu,pid,args --sort=-pcpu | head
  traces: /home/goodlad/dev/gen3ai/models/ai_v12_02_winprob_critic/eval_traces  (4665 banked battles)
  🚨 ratios are the claim; absolute ms scale with whatever else the box is doing.

  turn  13  arms= 18  worlds=1/1  protocol=    94.7 ms
  turn  28  arms= 15  worlds=1/1  protocol=    99.5 ms
  turn  11  arms= 84  worlds=4/4  protocol=   293.2 ms
  turn  20  arms=108  worlds=4/4  protocol=   560.5 ms
  turn  15  arms= 84  worlds=4/4  protocol=   288.3 ms
  turn  11  arms= 96  worlds=4/4  protocol=   334.9 ms
  turn  19  arms= 96  worlds=4/4  protocol=   486.4 ms
  turn  16  arms= 84  worlds=4/4  protocol=   306.8 ms
  turn  14  arms= 72  worlds=4/4  protocol=   419.7 ms
  turn  13  arms= 27  worlds=1/1  protocol=   122.6 ms

  DECISIONS: 10
        road   arms   ms/decision     ms/arm
    protocol    684         300.0      4.804

  PHASE BREAKDOWN — protocol road   (exclusive wall, summed over 10 decisions / 684 arms)
  phase                                    ms total    ms/arm   % dec
  snapshot restore (protocol)                 751.8     1.099   25.0%
  port expand_many (rust)                     532.9     0.779   17.7%
  protocol arms (materialize_branches_from)      440.8     0.644   14.7%
  encode (obs)                                319.9     0.468   10.6%
  port open_root (rust)                       234.9     0.343    7.8%
  decision encode/track                       185.3     0.271    6.2%
  action mask                                 116.2     0.170    3.9%
  protocol prefix replay (open_branch_fork)      108.7     0.159    3.6%
  action_choices / map_actions_at             104.4     0.153    3.5%
  snapshot freeze (protocol)                   16.1     0.024    0.5%
  replay player build                          14.7     0.021    0.5%
  poke-env protocol feed                        0.7     0.001    0.0%
  python glue (uninstrumented)                180.1     0.263    6.0%
  SPANS (INCLUSIVE, so they overlap the rows above) — protocol
    protocol prefix replay (open_branch_fork)      192.6 ms    6.4% of decision wall
    protocol arms (materialize_branches_from)     1866.0 ms   62.1% of decision wall
    port open_root (rust)                     234.9 ms    7.8% of decision wall
    port expand_many (rust)                   532.9 ms   17.7% of decision wall

  contention: load average 27.94/23.31/18.20 on 16 cpus (CPU-STARVED, expect ~1.8x slower). If this is a timeout and a training run is live, it is probably starvation, not a bug — confirm with: ps -eo pcpu,pid,args --sort=-pcpu | head
### end 2026-09-23T12:54:24-07:00  28.42 23.49 18.29 6/2415 70720
