### decision_b1_protocol_r5  start 2026-09-23T12:55:44-07:00  17.63 21.97 18.20 5/2406 73004

SEARCHED-DECISION BENCHMARK  (honest arm, m_opp=1, k_worlds=1, impl=rust)
  contention: load average 16.86/21.73/18.15 on 16 cpus (box looks idle). If this is a timeout and a training run is live, it is probably starvation, not a bug — confirm with: ps -eo pcpu,pid,args --sort=-pcpu | head
  traces: /home/goodlad/dev/gen3ai/models/ai_v12_02_winprob_critic/eval_traces  (4665 banked battles)
  🚨 ratios are the claim; absolute ms scale with whatever else the box is doing.

  turn  13  arms=  1  worlds=1/1  protocol=    26.4 ms
  turn  28  arms=  1  worlds=1/1  protocol=    35.6 ms
  turn  11  arms=  1  worlds=1/1  protocol=    23.0 ms
  turn  20  arms=  1  worlds=1/1  protocol=    27.3 ms
  turn  15  arms=  1  worlds=1/1  protocol=    25.9 ms
  turn  11  arms=  1  worlds=1/1  protocol=    23.9 ms
  turn  19  arms=  1  worlds=1/1  protocol=    27.4 ms
  turn  16  arms=  1  worlds=1/1  protocol=    27.3 ms
  turn  14  arms=  1  worlds=1/1  protocol=    28.0 ms
  turn  13  arms=  1  worlds=1/1  protocol=    27.1 ms

  DECISIONS: 10
        road   arms   ms/decision     ms/arm
    protocol     10          27.2     27.197

  PHASE BREAKDOWN — protocol road   (exclusive wall, summed over 10 decisions / 10 arms)
  phase                                    ms total    ms/arm   % dec
  protocol prefix replay (open_branch_fork)       76.3     7.629   28.1%
  port open_root (rust)                        75.7     7.567   27.8%
  decision encode/track                        24.7     2.467    9.1%
  action mask                                  16.5     1.651    6.1%
  snapshot freeze (protocol)                   11.3     1.127    4.1%
  snapshot restore (protocol)                   6.8     0.677    2.5%
  port expand_many (rust)                       4.9     0.486    1.8%
  replay player build                           4.5     0.450    1.7%
  encode (obs)                                  4.1     0.407    1.5%
  protocol arms (materialize_branches_from)        3.5     0.345    1.3%
  action_choices / map_actions_at               1.3     0.128    0.5%
  poke-env protocol feed                        0.0     0.002    0.0%
  python glue (uninstrumented)                 42.6     4.256   15.7%
  SPANS (INCLUSIVE, so they overlap the rows above) — protocol
    protocol prefix replay (open_branch_fork)      126.9 ms   46.6% of decision wall
    protocol arms (materialize_branches_from)       22.0 ms    8.1% of decision wall
    port open_root (rust)                      75.7 ms   27.8% of decision wall
    port expand_many (rust)                     4.9 ms    1.8% of decision wall

  contention: load average 16.86/21.73/18.15 on 16 cpus (box looks idle). If this is a timeout and a training run is live, it is probably starvation, not a bug — confirm with: ps -eo pcpu,pid,args --sort=-pcpu | head
### end 2026-09-23T12:55:47-07:00  16.86 21.73 18.15 5/2411 73157
