### decision_wide_protocol_r6  start 2026-09-23T12:55:52-07:00  15.91 21.46 18.08 5/2411 73309

SEARCHED-DECISION BENCHMARK  (honest arm, m_opp=3, k_worlds=4, impl=rust)
  contention: load average 15.91/21.46/18.08 on 16 cpus (box looks idle). If this is a timeout and a training run is live, it is probably starvation, not a bug — confirm with: ps -eo pcpu,pid,args --sort=-pcpu | head
  traces: /home/goodlad/dev/gen3ai/models/ai_v12_02_winprob_critic/eval_traces  (4665 banked battles)
  🚨 ratios are the claim; absolute ms scale with whatever else the box is doing.

  turn  13  arms= 18  worlds=1/1  protocol=    62.1 ms
  turn  28  arms= 15  worlds=1/1  protocol=    64.8 ms
  turn  11  arms= 84  worlds=4/4  protocol=   180.8 ms
  turn  20  arms=108  worlds=4/4  protocol=   394.8 ms
  turn  15  arms= 84  worlds=4/4  protocol=   193.1 ms
  turn  11  arms= 96  worlds=4/4  protocol=   215.9 ms
  turn  19  arms= 96  worlds=4/4  protocol=   322.8 ms
  turn  16  arms= 84  worlds=4/4  protocol=   194.1 ms
  turn  14  arms= 72  worlds=4/4  protocol=   273.1 ms
  turn  13  arms= 27  worlds=1/1  protocol=    76.9 ms

  DECISIONS: 10
        road   arms   ms/decision     ms/arm
    protocol    684         193.6      3.104

  PHASE BREAKDOWN — protocol road   (exclusive wall, summed over 10 decisions / 684 arms)
  phase                                    ms total    ms/arm   % dec
  snapshot restore (protocol)                 555.8     0.813   28.1%
  port expand_many (rust)                     334.2     0.489   16.9%
  protocol arms (materialize_branches_from)      231.4     0.338   11.7%
  encode (obs)                                226.3     0.331   11.4%
  port open_root (rust)                       133.7     0.196    6.8%
  decision encode/track                       129.0     0.189    6.5%
  action mask                                  83.1     0.122    4.2%
  protocol prefix replay (open_branch_fork)       77.9     0.114    3.9%
  action_choices / map_actions_at              75.5     0.110    3.8%
  snapshot freeze (protocol)                   12.1     0.018    0.6%
  replay player build                           4.9     0.007    0.2%
  poke-env protocol feed                        0.6     0.001    0.0%
  python glue (uninstrumented)                113.9     0.167    5.8%
  SPANS (INCLUSIVE, so they overlap the rows above) — protocol
    protocol prefix replay (open_branch_fork)      131.7 ms    6.7% of decision wall
    protocol arms (materialize_branches_from)     1264.7 ms   63.9% of decision wall
    port open_root (rust)                     133.7 ms    6.8% of decision wall
    port expand_many (rust)                   334.2 ms   16.9% of decision wall

  contention: load average 15.04/21.18/18.01 on 16 cpus (box looks idle). If this is a timeout and a training run is live, it is probably starvation, not a bug — confirm with: ps -eo pcpu,pid,args --sort=-pcpu | head
### end 2026-09-23T12:55:57-07:00  15.04 21.18 18.01 5/2410 73474
