[mem_cap] cap 28.00 GB (swap 0) · unit gen3ai-capped-python3-2195101.scope · slice gen3ai-heavy.slice (aggregate cap 64.00 GB) · oom_score_adj +500
🧊 [CompileCache] PRIVATE /home/goodlad/.cache/gen3ai/tmp/gen3ai_compile_2195110_14l_qeq5 for this process (x5 nanfix codehash) — no run declared a cache; deleted at exit [gen3_hermetic_compile_cache_v1]
In file included from /home/goodlad/miniconda3/envs/gen3ai_torch28/include/python3.11/Python.h:12,
                 from /tmp/tmp0gt_n8fy/cuda_utils.c:5:
/home/goodlad/miniconda3/envs/gen3ai_torch28/include/python3.11/pyconfig.h:1793:9: warning: ‘_POSIX_C_SOURCE’ redefined
 1793 | #define _POSIX_C_SOURCE 200809L
      |         ^~~~~~~~~~~~~~~
In file included from /usr/include/x86_64-linux-gnu/bits/libc-header-start.h:33,
                 from /usr/include/stdlib.h:26,
                 from /home/goodlad/miniconda3/envs/gen3ai_torch28/lib/python3.11/site-packages/triton/backends/nvidia/include/cuda.h:56,
                 from /tmp/tmp0gt_n8fy/cuda_utils.c:1:
/usr/include/features.h:319:10: note: this is the location of the previous definition
  319 | # define _POSIX_C_SOURCE        202405L
      |          ^~~~~~~~~~~~~~~
/home/goodlad/miniconda3/envs/gen3ai_torch28/lib/python3.11/site-packages/torch/_inductor/compile_fx.py:282: UserWarning: TensorFloat32 tensor cores for float32 matrix multiplication available but not enabled. Consider setting `torch.set_float32_matmul_precision('high')` for better performance.
  warnings.warn(
/home/goodlad/miniconda3/envs/gen3ai_torch28/lib/python3.11/site-packages/torch/_inductor/lowering.py:7095: UserWarning: 
Online softmax is disabled on the fly since Inductor decides to
split the reduction. Cut an issue to PyTorch if this is an
important use case and you want to speed it up with online
softmax.

  warnings.warn(
In file included from /home/goodlad/miniconda3/envs/gen3ai_torch28/include/python3.11/Python.h:12,
                 from /tmp/tmp247nqaaf/__triton_launcher.c:4:
/home/goodlad/miniconda3/envs/gen3ai_torch28/include/python3.11/pyconfig.h:1793:9: warning: ‘_POSIX_C_SOURCE’ redefined
 1793 | #define _POSIX_C_SOURCE 200809L
      |         ^~~~~~~~~~~~~~~
In file included from /usr/include/x86_64-linux-gnu/bits/libc-header-start.h:33,
                 from /usr/include/stdlib.h:26,
                 from /home/goodlad/miniconda3/envs/gen3ai_torch28/lib/python3.11/site-packages/triton/backends/nvidia/include/cuda.h:56,
                 from /tmp/tmp247nqaaf/__triton_launcher.c:2:
/usr/include/features.h:319:10: note: this is the location of the previous definition
  319 | # define _POSIX_C_SOURCE        202405L
      |          ^~~~~~~~~~~~~~~
In file included from /home/goodlad/miniconda3/envs/gen3ai_torch28/include/python3.11/Python.h:12,
                 from /tmp/tmp5t3f9prq/__triton_launcher.c:4:
/home/goodlad/miniconda3/envs/gen3ai_torch28/include/python3.11/pyconfig.h:1793:9: warning: ‘_POSIX_C_SOURCE’ redefined
 1793 | #define _POSIX_C_SOURCE 200809L
      |         ^~~~~~~~~~~~~~~
In file included from /usr/include/x86_64-linux-gnu/bits/libc-header-start.h:33,
                 from /usr/include/stdlib.h:26,
                 from /home/goodlad/miniconda3/envs/gen3ai_torch28/lib/python3.11/site-packages/triton/backends/nvidia/include/cuda.h:56,
                 from /tmp/tmp5t3f9prq/__triton_launcher.c:2:
/usr/include/features.h:319:10: note: this is the location of the previous definition
  319 | # define _POSIX_C_SOURCE        202405L
      |          ^~~~~~~~~~~~~~~
In file included from /home/goodlad/miniconda3/envs/gen3ai_torch28/include/python3.11/Python.h:12,
                 from /tmp/tmp_derrbr1/__triton_launcher.c:4:
/home/goodlad/miniconda3/envs/gen3ai_torch28/include/python3.11/pyconfig.h:1793:9: warning: ‘_POSIX_C_SOURCE’ redefined
 1793 | #define _POSIX_C_SOURCE 200809L
      |         ^~~~~~~~~~~~~~~
In file included from /usr/include/x86_64-linux-gnu/bits/libc-header-start.h:33,
                 from /usr/include/stdlib.h:26,
                 from /home/goodlad/miniconda3/envs/gen3ai_torch28/lib/python3.11/site-packages/triton/backends/nvidia/include/cuda.h:56,
                 from /tmp/tmp_derrbr1/__triton_launcher.c:2:
/usr/include/features.h:319:10: note: this is the location of the previous definition
  319 | # define _POSIX_C_SOURCE        202405L
      |          ^~~~~~~~~~~~~~~
In file included from /home/goodlad/miniconda3/envs/gen3ai_torch28/include/python3.11/Python.h:12,
                 from /tmp/tmp4iy7gnxi/__triton_launcher.c:4:
/home/goodlad/miniconda3/envs/gen3ai_torch28/include/python3.11/pyconfig.h:1793:9: warning: ‘_POSIX_C_SOURCE’ redefined
 1793 | #define _POSIX_C_SOURCE 200809L
      |         ^~~~~~~~~~~~~~~
In file included from /usr/include/x86_64-linux-gnu/bits/libc-header-start.h:33,
                 from /usr/include/stdlib.h:26,
                 from /home/goodlad/miniconda3/envs/gen3ai_torch28/lib/python3.11/site-packages/triton/backends/nvidia/include/cuda.h:56,
                 from /tmp/tmp4iy7gnxi/__triton_launcher.c:2:
/usr/include/features.h:319:10: note: this is the location of the previous definition
  319 | # define _POSIX_C_SOURCE        202405L
      |          ^~~~~~~~~~~~~~~
In file included from /home/goodlad/miniconda3/envs/gen3ai_torch28/include/python3.11/Python.h:12,
                 from /tmp/tmp8z1lz8dd/__triton_launcher.c:4:
/home/goodlad/miniconda3/envs/gen3ai_torch28/include/python3.11/pyconfig.h:1793:9: warning: ‘_POSIX_C_SOURCE’ redefined
 1793 | #define _POSIX_C_SOURCE 200809L
      |         ^~~~~~~~~~~~~~~
In file included from /usr/include/x86_64-linux-gnu/bits/libc-header-start.h:33,
                 from /usr/include/stdlib.h:26,
                 from /home/goodlad/miniconda3/envs/gen3ai_torch28/lib/python3.11/site-packages/triton/backends/nvidia/include/cuda.h:56,
                 from /tmp/tmp8z1lz8dd/__triton_launcher.c:2:
/usr/include/features.h:319:10: note: this is the location of the previous definition
  319 | # define _POSIX_C_SOURCE        202405L
      |          ^~~~~~~~~~~~~~~
In file included from /home/goodlad/miniconda3/envs/gen3ai_torch28/include/python3.11/Python.h:12,
                 from /tmp/tmpk59wlw7l/__triton_launcher.c:4:
/home/goodlad/miniconda3/envs/gen3ai_torch28/include/python3.11/pyconfig.h:1793:9: warning: ‘_POSIX_C_SOURCE’ redefined
 1793 | #define _POSIX_C_SOURCE 200809L
      |         ^~~~~~~~~~~~~~~
In file included from /usr/include/x86_64-linux-gnu/bits/libc-header-start.h:33,
                 from /usr/include/stdlib.h:26,
                 from /home/goodlad/miniconda3/envs/gen3ai_torch28/lib/python3.11/site-packages/triton/backends/nvidia/include/cuda.h:56,
                 from /tmp/tmpk59wlw7l/__triton_launcher.c:2:
/usr/include/features.h:319:10: note: this is the location of the previous definition
  319 | # define _POSIX_C_SOURCE        202405L
      |          ^~~~~~~~~~~~~~~
/home/goodlad/miniconda3/envs/gen3ai_torch28/lib/python3.11/site-packages/torch/_inductor/runtime/triton_helpers.py:150: UserWarning: Logical operators 'and' and 'or' are deprecated for non-scalar tensors; please use '&' or '|' instead
  mask |= a_isnan and not b_isnan
UserWarning: Enable tracemalloc to get the object allocation traceback
/home/goodlad/miniconda3/envs/gen3ai_torch28/lib/python3.11/site-packages/torch/_inductor/runtime/triton_helpers.py:150: UserWarning: Logical operators 'and' and 'or' are deprecated for non-scalar tensors; please use '&' or '|' instead
  mask |= a_isnan and not b_isnan
UserWarning: Enable tracemalloc to get the object allocation traceback
/home/goodlad/miniconda3/envs/gen3ai_torch28/lib/python3.11/site-packages/torch/_inductor/runtime/triton_helpers.py:152: UserWarning: Logical operators 'and' and 'or' are deprecated for non-scalar tensors; please use '&' or '|' instead
  equal |= a_isnan and b_isnan
UserWarning: Enable tracemalloc to get the object allocation traceback
/home/goodlad/miniconda3/envs/gen3ai_torch28/lib/python3.11/site-packages/torch/_inductor/runtime/triton_helpers.py:152: UserWarning: Logical operators 'and' and 'or' are deprecated for non-scalar tensors; please use '&' or '|' instead
  equal |= a_isnan and b_isnan
UserWarning: Enable tracemalloc to get the object allocation traceback
/home/goodlad/miniconda3/envs/gen3ai_torch28/lib/python3.11/site-packages/torch/_inductor/runtime/triton_helpers.py:150: UserWarning: Logical operators 'and' and 'or' are deprecated for non-scalar tensors; please use '&' or '|' instead
  mask |= a_isnan and not b_isnan
UserWarning: Enable tracemalloc to get the object allocation traceback
/home/goodlad/miniconda3/envs/gen3ai_torch28/lib/python3.11/site-packages/torch/_inductor/runtime/triton_helpers.py:150: UserWarning: Logical operators 'and' and 'or' are deprecated for non-scalar tensors; please use '&' or '|' instead
  mask |= a_isnan and not b_isnan
UserWarning: Enable tracemalloc to get the object allocation traceback
/home/goodlad/miniconda3/envs/gen3ai_torch28/lib/python3.11/site-packages/torch/_inductor/runtime/triton_helpers.py:152: UserWarning: Logical operators 'and' and 'or' are deprecated for non-scalar tensors; please use '&' or '|' instead
  equal |= a_isnan and b_isnan
UserWarning: Enable tracemalloc to get the object allocation traceback
/home/goodlad/miniconda3/envs/gen3ai_torch28/lib/python3.11/site-packages/torch/_inductor/runtime/triton_helpers.py:152: UserWarning: Logical operators 'and' and 'or' are deprecated for non-scalar tensors; please use '&' or '|' instead
  equal |= a_isnan and b_isnan
UserWarning: Enable tracemalloc to get the object allocation traceback
In file included from /home/goodlad/miniconda3/envs/gen3ai_torch28/include/python3.11/Python.h:12,
                 from /tmp/tmpxva5osbp/__triton_launcher.c:4:
/home/goodlad/miniconda3/envs/gen3ai_torch28/include/python3.11/pyconfig.h:1793:9: warning: ‘_POSIX_C_SOURCE’ redefined
 1793 | #define _POSIX_C_SOURCE 200809L
      |         ^~~~~~~~~~~~~~~
In file included from /usr/include/x86_64-linux-gnu/bits/libc-header-start.h:33,
                 from /usr/include/stdlib.h:26,
                 from /home/goodlad/miniconda3/envs/gen3ai_torch28/lib/python3.11/site-packages/triton/backends/nvidia/include/cuda.h:56,
                 from /tmp/tmpxva5osbp/__triton_launcher.c:2:
/usr/include/features.h:319:10: note: this is the location of the previous definition
  319 | # define _POSIX_C_SOURCE        202405L
      |          ^~~~~~~~~~~~~~~
/home/goodlad/miniconda3/envs/gen3ai_torch28/lib/python3.11/site-packages/torch/_inductor/lowering.py:7095: UserWarning: 
Online softmax is disabled on the fly since Inductor decides to
split the reduction. Cut an issue to PyTorch if this is an
important use case and you want to speed it up with online
softmax.

  warnings.warn(
In file included from /home/goodlad/miniconda3/envs/gen3ai_torch28/include/python3.11/Python.h:12,
                 from /tmp/tmprzinr04n/__triton_launcher.c:4:
/home/goodlad/miniconda3/envs/gen3ai_torch28/include/python3.11/pyconfig.h:1793:9: warning: ‘_POSIX_C_SOURCE’ redefined
 1793 | #define _POSIX_C_SOURCE 200809L
      |         ^~~~~~~~~~~~~~~
In file included from /usr/include/x86_64-linux-gnu/bits/libc-header-start.h:33,
                 from /usr/include/stdlib.h:26,
                 from /home/goodlad/miniconda3/envs/gen3ai_torch28/lib/python3.11/site-packages/triton/backends/nvidia/include/cuda.h:56,
                 from /tmp/tmprzinr04n/__triton_launcher.c:2:
/usr/include/features.h:319:10: note: this is the location of the previous definition
  319 | # define _POSIX_C_SOURCE        202405L
      |          ^~~~~~~~~~~~~~~
In file included from /home/goodlad/miniconda3/envs/gen3ai_torch28/include/python3.11/Python.h:12,
                 from /tmp/tmpxmyoa002/__triton_launcher.c:4:
/home/goodlad/miniconda3/envs/gen3ai_torch28/include/python3.11/pyconfig.h:1793:9: warning: ‘_POSIX_C_SOURCE’ redefined
 1793 | #define _POSIX_C_SOURCE 200809L
      |         ^~~~~~~~~~~~~~~
In file included from /usr/include/x86_64-linux-gnu/bits/libc-header-start.h:33,
                 from /usr/include/stdlib.h:26,
                 from /home/goodlad/miniconda3/envs/gen3ai_torch28/lib/python3.11/site-packages/triton/backends/nvidia/include/cuda.h:56,
                 from /tmp/tmpxmyoa002/__triton_launcher.c:2:
/usr/include/features.h:319:10: note: this is the location of the previous definition
  319 | # define _POSIX_C_SOURCE        202405L
      |          ^~~~~~~~~~~~~~~
In file included from /home/goodlad/miniconda3/envs/gen3ai_torch28/include/python3.11/Python.h:12,
                 from /tmp/tmpsq8hezpt/__triton_launcher.c:4:
/home/goodlad/miniconda3/envs/gen3ai_torch28/include/python3.11/pyconfig.h:1793:9: warning: ‘_POSIX_C_SOURCE’ redefined
 1793 | #define _POSIX_C_SOURCE 200809L
      |         ^~~~~~~~~~~~~~~
In file included from /usr/include/x86_64-linux-gnu/bits/libc-header-start.h:33,
                 from /usr/include/stdlib.h:26,
                 from /home/goodlad/miniconda3/envs/gen3ai_torch28/lib/python3.11/site-packages/triton/backends/nvidia/include/cuda.h:56,
                 from /tmp/tmpsq8hezpt/__triton_launcher.c:2:
/usr/include/features.h:319:10: note: this is the location of the previous definition
  319 | # define _POSIX_C_SOURCE        202405L
      |          ^~~~~~~~~~~~~~~
In file included from /home/goodlad/miniconda3/envs/gen3ai_torch28/include/python3.11/Python.h:12,
                 from /tmp/tmpljklc4mu/__triton_launcher.c:4:
/home/goodlad/miniconda3/envs/gen3ai_torch28/include/python3.11/pyconfig.h:1793:9: warning: ‘_POSIX_C_SOURCE’ redefined
 1793 | #define _POSIX_C_SOURCE 200809L
      |         ^~~~~~~~~~~~~~~
In file included from /usr/include/x86_64-linux-gnu/bits/libc-header-start.h:33,
                 from /usr/include/stdlib.h:26,
                 from /home/goodlad/miniconda3/envs/gen3ai_torch28/lib/python3.11/site-packages/triton/backends/nvidia/include/cuda.h:56,
                 from /tmp/tmpljklc4mu/__triton_launcher.c:2:
/usr/include/features.h:319:10: note: this is the location of the previous definition
  319 | # define _POSIX_C_SOURCE        202405L
      |          ^~~~~~~~~~~~~~~
In file included from /home/goodlad/miniconda3/envs/gen3ai_torch28/include/python3.11/Python.h:12,
                 from /tmp/tmpcita7ptz/__triton_launcher.c:4:
/home/goodlad/miniconda3/envs/gen3ai_torch28/include/python3.11/pyconfig.h:1793:9: warning: ‘_POSIX_C_SOURCE’ redefined
 1793 | #define _POSIX_C_SOURCE 200809L
      |         ^~~~~~~~~~~~~~~
In file included from /usr/include/x86_64-linux-gnu/bits/libc-header-start.h:33,
                 from /usr/include/stdlib.h:26,
                 from /home/goodlad/miniconda3/envs/gen3ai_torch28/lib/python3.11/site-packages/triton/backends/nvidia/include/cuda.h:56,
                 from /tmp/tmpcita7ptz/__triton_launcher.c:2:
/usr/include/features.h:319:10: note: this is the location of the previous definition
  319 | # define _POSIX_C_SOURCE        202405L
      |          ^~~~~~~~~~~~~~~
In file included from /home/goodlad/miniconda3/envs/gen3ai_torch28/include/python3.11/Python.h:12,
                 from /tmp/tmp56qoh5q3/__triton_launcher.c:4:
/home/goodlad/miniconda3/envs/gen3ai_torch28/include/python3.11/pyconfig.h:1793:9: warning: ‘_POSIX_C_SOURCE’ redefined
 1793 | #define _POSIX_C_SOURCE 200809L
      |         ^~~~~~~~~~~~~~~
In file included from /usr/include/x86_64-linux-gnu/bits/libc-header-start.h:33,
                 from /usr/include/stdlib.h:26,
                 from /home/goodlad/miniconda3/envs/gen3ai_torch28/lib/python3.11/site-packages/triton/backends/nvidia/include/cuda.h:56,
                 from /tmp/tmp56qoh5q3/__triton_launcher.c:2:
/usr/include/features.h:319:10: note: this is the location of the previous definition
  319 | # define _POSIX_C_SOURCE        202405L
      |          ^~~~~~~~~~~~~~~
/home/goodlad/miniconda3/envs/gen3ai_torch28/lib/python3.11/site-packages/torch/_inductor/runtime/triton_helpers.py:150: UserWarning: Logical operators 'and' and 'or' are deprecated for non-scalar tensors; please use '&' or '|' instead
  mask |= a_isnan and not b_isnan
UserWarning: Enable tracemalloc to get the object allocation traceback
/home/goodlad/miniconda3/envs/gen3ai_torch28/lib/python3.11/site-packages/torch/_inductor/runtime/triton_helpers.py:150: UserWarning: Logical operators 'and' and 'or' are deprecated for non-scalar tensors; please use '&' or '|' instead
  mask |= a_isnan and not b_isnan
UserWarning: Enable tracemalloc to get the object allocation traceback
/home/goodlad/miniconda3/envs/gen3ai_torch28/lib/python3.11/site-packages/torch/_inductor/runtime/triton_helpers.py:152: UserWarning: Logical operators 'and' and 'or' are deprecated for non-scalar tensors; please use '&' or '|' instead
  equal |= a_isnan and b_isnan
UserWarning: Enable tracemalloc to get the object allocation traceback
/home/goodlad/miniconda3/envs/gen3ai_torch28/lib/python3.11/site-packages/torch/_inductor/runtime/triton_helpers.py:152: UserWarning: Logical operators 'and' and 'or' are deprecated for non-scalar tensors; please use '&' or '|' instead
  equal |= a_isnan and b_isnan
UserWarning: Enable tracemalloc to get the object allocation traceback
{"R1_grad_finite": true, "R1_dynamo_graphs": 1, "R1_inductor_modules": 15, "R1_combined_sha": "3099df216237abc1df14ae356548955440379b55330bc9e42103aa6d300eea48", "T2_dynamo_graphs": 1, "T2_inductor_modules": 2, "T2_combined_sha": "2133e7e188266e84dd16aff9a10e24e53b7b96c3397575a743097ab4c59ebd7c"}
[mem_cap] done: gen3ai-capped-python3-2195101.scope exit 0 · peak 6.40 GB of cap 28.00 GB (23%) · not OOM-killed
exit 0
