=== 2026-10-07T19:17:09-07:00 start
[mem_cap] cap 16.00 GB (swap 0) · unit gen3ai-capped-alphat4-3970493.scope · slice gen3ai-heavy.slice (aggregate cap 64.00 GB) · oom_score_adj +500
[bank] 20712 rows; obs as recorded True
[done] fm_s1001
[done] fm_s1002
[done] fm_s1003
[done] fm_s1004
[done] fm_s1005
[done] fm_s1006
[done] fm_s1007
[done] fm_s1008
# Follow-up T4: fixed_mass intent head, P(opp switch) − truth, STAY − SWITCH (generated by `alpha_t4.py`)

Base rate (opp switches, eligible rows): 0.1756. Rows per seed STAY [8381, 7918, 7581, 7788, 7546, 8392, 7661, 7433] / SWITCH [2350, 2813, 3150, 2942, 3185, 2339, 3070, 3298].

| quantity | across-seed mean [t95] |
|---|---|
| **Δ4_arm** (verdict; boot95 [-0.0766, -0.0354]) | **-0.0566 [-0.0746, -0.0385]** |
| Δ4_prior (constant base rate = −Δy) | -0.1354 [-0.1448, -0.1260] |
| arm − prior (= Δ of P_sw) | +0.0788 [+0.0574, +0.1002] |
| ATTACK − SWITCH, arm (descriptive) | -0.0746 [-0.0957, -0.0536] |
| split by another fm seed's policy (mean of 7) | -0.0598 [-0.0807, -0.0389] |
| P_sw / truth when we STAY | 0.3173 / 0.2122 |
| P_sw / truth when we SWITCH | 0.2384 / 0.0768 |

**Verdict: BENDS** (rule §0.7: Δ4_arm < 0, t95 and boot95 below 0, |Δ| > 0.02)
[mem_cap] done: gen3ai-capped-alphat4-3970493.scope exit 0 · peak 5.23 GB of cap 16.00 GB (33%) · not OOM-killed
=== 2026-10-07T19:21:16-07:00 DONE
