=== B2_loop_away_s0  2026-09-25T11:14:06-07:00  load=27.90 23.12 19.44
=== B2_loop_away_s0 rc=0  2026-09-25T11:19:24-07:00
=== C2_ctrl_away_s0  2026-09-25T11:19:24-07:00  load=31.37 25.36 21.32
=== C2_ctrl_away_s0 rc=0  2026-09-25T11:23:34-07:00
=== B2_loop_home_s0  2026-09-25T11:23:34-07:00  load=25.63 25.95 22.44
=== B2_loop_home_s0 rc=0  2026-09-25T11:27:35-07:00
=== C2_ctrl_home_s0  2026-09-25T11:27:35-07:00  load=16.51 24.12 22.63
=== C2_ctrl_home_s0 rc=0  2026-09-25T11:32:04-07:00
=== B2_loop_away_s10  2026-09-25T11:32:04-07:00  load=24.00 24.54 23.33
=== B2_loop_away_s10 rc=0  2026-09-25T11:36:18-07:00
=== C2_ctrl_away_s10  2026-09-25T11:36:18-07:00  load=33.95 28.74 25.38
=== C2_ctrl_away_s10 rc=0  2026-09-25T11:39:51-07:00
=== B2_loop_home_s10  2026-09-25T11:39:51-07:00  load=31.87 27.76 25.53
=== B2_loop_home_s10 rc=0  2026-09-25T11:44:16-07:00
=== C2_ctrl_home_s10  2026-09-25T11:44:16-07:00  load=23.56 26.83 25.73
=== C2_ctrl_home_s10 rc=0  2026-09-25T11:48:42-07:00
=== B2_loop_away_s20  2026-09-25T11:48:42-07:00  load=18.12 22.32 24.14
=== B2_loop_away_s20 rc=0  2026-09-25T11:52:36-07:00
=== C2_ctrl_away_s20  2026-09-25T11:52:36-07:00  load=24.36 23.15 24.13
=== C2_ctrl_away_s20 rc=0  2026-09-25T11:56:05-07:00
=== B2_loop_home_s20  2026-09-25T11:56:05-07:00  load=27.60 23.64 23.94
=== B2_loop_home_s20 rc=0  2026-09-25T11:59:44-07:00
=== C2_ctrl_home_s20  2026-09-25T11:59:44-07:00  load=21.47 22.44 23.44
=== C2_ctrl_home_s20 rc=0  2026-09-25T12:03:40-07:00
=== B2_loop_away_s30  2026-09-25T12:03:40-07:00  load=24.68 23.97 23.71
=== B2_loop_away_s30 rc=0  2026-09-25T12:07:21-07:00
=== C2_ctrl_away_s30  2026-09-25T12:07:21-07:00  load=14.01 20.90 22.63
=== C2_ctrl_away_s30 rc=0  2026-09-25T12:11:42-07:00
=== B2_loop_home_s30  2026-09-25T12:11:42-07:00  load=26.07 22.78 22.88
=== B2_loop_home_s30 rc=0  2026-09-25T12:15:44-07:00
=== C2_ctrl_home_s30  2026-09-25T12:15:44-07:00  load=18.79 22.69 23.08
=== C2_ctrl_home_s30 rc=0  2026-09-25T12:19:46-07:00
=== B2_loop_away_s40  2026-09-25T12:19:46-07:00  load=29.41 24.17 23.38
=== B2_loop_away_s40 rc=0  2026-09-25T12:22:56-07:00
=== C2_ctrl_away_s40  2026-09-25T12:22:56-07:00  load=25.07 23.58 23.18
=== C2_ctrl_away_s40 rc=0  2026-09-25T12:26:26-07:00
=== B2_loop_home_s40  2026-09-25T12:26:26-07:00  load=32.18 24.43 23.33
=== B2_loop_home_s40 rc=0  2026-09-25T12:30:19-07:00
=== C2_ctrl_home_s40  2026-09-25T12:30:19-07:00  load=19.38 22.83 22.90
=== C2_ctrl_home_s40 rc=0  2026-09-25T12:33:47-07:00
=== B2_loop_away_s50  2026-09-25T12:33:47-07:00  load=19.76 22.71 22.83
=== B2_loop_away_s50 rc=0  2026-09-25T12:37:29-07:00
=== C2_ctrl_away_s50  2026-09-25T12:37:29-07:00  load=13.44 19.83 21.84
=== C2_ctrl_away_s50 rc=0  2026-09-25T12:40:51-07:00
=== B2_loop_home_s50  2026-09-25T12:40:51-07:00  load=26.11 20.90 21.76
=== B2_loop_home_s50 rc=0  2026-09-25T12:44:20-07:00
=== C2_ctrl_home_s50  2026-09-25T12:44:20-07:00  load=26.84 22.10 21.94
=== C2_ctrl_home_s50 rc=0  2026-09-25T12:47:32-07:00
ALL UNITS DONE 2026-09-25T12:47:32-07:00
